[    1447ms] [INFO] %cDownload the React DevTools for a better development experience: https://react.dev/link/react-devtools font-weight:bold @ http://localhost:1420/node_modules/.vite/deps/react-dom_client.js?v=f9157341:22164
[    1573ms] [WARNING] [library] loadCachedCategories failed: TypeError: Cannot read properties of undefined (reading 'invoke')
    at invoke (http://localhost:1420/node_modules/.vite/deps/chunk-NUDMK7YS.js?v=f9157341:117:37)
    at Module.listCategories (http://localhost:1420/src/lib/library-api.ts:6:10)
    at loadCachedCategories (http://localhost:1420/src/stores/library.ts:24:36)
    at http://localhost:1420/src/App.tsx:45:13
    at http://localhost:1420/src/App.tsx:47:7
    at Object.react_stack_bottom_frame (http://localhost:1420/node_modules/.vite/deps/react-dom_client.js?v=f9157341:20317:20)
    at runWithFiberInDEV (http://localhost:1420/node_modules/.vite/deps/react-dom_client.js?v=f9157341:1133:72)
    at commitHookEffectListMount (http://localhost:1420/node_modules/.vite/deps/react-dom_client.js?v=f9157341:9773:163)
    at commitHookPassiveMountEffects (http://localhost:1420/node_modules/.vite/deps/react-dom_client.js?v=f9157341:9827:60)
    at commitPassiveMountOnFiber (http://localhost:1420/node_modules/.vite/deps/react-dom_client.js?v=f9157341:12031:29) @ http://localhost:1420/src/stores/library.ts:28
[    1573ms] [WARNING] [library] loadCachedCategories failed: TypeError: Cannot read properties of undefined (reading 'invoke')
    at invoke (http://localhost:1420/node_modules/.vite/deps/chunk-NUDMK7YS.js?v=f9157341:117:37)
    at Module.listCategories (http://localhost:1420/src/lib/library-api.ts:6:10)
    at loadCachedCategories (http://localhost:1420/src/stores/library.ts:24:36)
    at http://localhost:1420/src/App.tsx:45:13
    at http://localhost:1420/src/App.tsx:47:7
    at Object.react_stack_bottom_frame (http://localhost:1420/node_modules/.vite/deps/react-dom_client.js?v=f9157341:20317:20)
    at runWithFiberInDEV (http://localhost:1420/node_modules/.vite/deps/react-dom_client.js?v=f9157341:1133:72)
    at commitHookEffectListMount (http://localhost:1420/node_modules/.vite/deps/react-dom_client.js?v=f9157341:9773:163)
    at commitHookPassiveMountEffects (http://localhost:1420/node_modules/.vite/deps/react-dom_client.js?v=f9157341:9827:60)
    at reconnectPassiveEffects (http://localhost:1420/node_modules/.vite/deps/react-dom_client.js?v=f9157341:12279:13) @ http://localhost:1420/src/stores/library.ts:28
[    1577ms] TypeError: Cannot read properties of undefined (reading 'transformCallback')
    at transformCallback (http://localhost:1420/node_modules/.vite/deps/chunk-NUDMK7YS.js?v=f9157341:22:37)
    at listen (http://localhost:1420/node_modules/.vite/deps/chunk-3NTDZYYR.js?v=f9157341:39:14)
    at http://localhost:1420/src/App.tsx:50:22
    at Object.react_stack_bottom_frame (http://localhost:1420/node_modules/.vite/deps/react-dom_client.js?v=f9157341:20317:20)
    at runWithFiberInDEV (http://localhost:1420/node_modules/.vite/deps/react-dom_client.js?v=f9157341:1133:72)
    at commitHookEffectListMount (http://localhost:1420/node_modules/.vite/deps/react-dom_client.js?v=f9157341:9773:163)
    at commitHookPassiveMountEffects (http://localhost:1420/node_modules/.vite/deps/react-dom_client.js?v=f9157341:9827:60)
    at reconnectPassiveEffects (http://localhost:1420/node_modules/.vite/deps/react-dom_client.js?v=f9157341:12279:13)
    at recursivelyTraverseReconnectPassiveEffects (http://localhost:1420/node_modules/.vite/deps/react-dom_client.js?v=f9157341:12246:11)
    at reconnectPassiveEffects (http://localhost:1420/node_modules/.vite/deps/react-dom_client.js?v=f9157341:12323:13)
[    1577ms] TypeError: Cannot read properties of undefined (reading 'transformCallback')
    at transformCallback (http://localhost:1420/node_modules/.vite/deps/chunk-NUDMK7YS.js?v=f9157341:22:37)
    at listen (http://localhost:1420/node_modules/.vite/deps/chunk-3NTDZYYR.js?v=f9157341:39:14)
    at http://localhost:1420/src/App.tsx:50:22
    at Object.react_stack_bottom_frame (http://localhost:1420/node_modules/.vite/deps/react-dom_client.js?v=f9157341:20317:20)
    at runWithFiberInDEV (http://localhost:1420/node_modules/.vite/deps/react-dom_client.js?v=f9157341:1133:72)
    at commitHookEffectListMount (http://localhost:1420/node_modules/.vite/deps/react-dom_client.js?v=f9157341:9773:163)
    at commitHookPassiveMountEffects (http://localhost:1420/node_modules/.vite/deps/react-dom_client.js?v=f9157341:9827:60)
    at commitPassiveMountOnFiber (http://localhost:1420/node_modules/.vite/deps/react-dom_client.js?v=f9157341:12031:29)
    at recursivelyTraversePassiveMountEffects (http://localhost:1420/node_modules/.vite/deps/react-dom_client.js?v=f9157341:11999:61)
    at commitPassiveMountOnFiber (http://localhost:1420/node_modules/.vite/deps/react-dom_client.js?v=f9157341:12207:13)
[    1594ms] [ERROR] Failed to load resource: the server responded with a status of 404 (Not Found) @ http://localhost:1420/favicon.ico:0
[    1598ms] [ERROR] Failed to load resource: the server responded with a status of 404 (Not Found) @ http://localhost:1420/favicon.ico:0
[  947528ms] [INFO] %cDownload the React DevTools for a better development experience: https://react.dev/link/react-devtools font-weight:bold @ http://localhost:1420/node_modules/.vite/deps/react-dom_client.js?v=f9157341:22164
[  947602ms] [WARNING] [library] loadCachedCategories failed: TypeError: Cannot read properties of undefined (reading 'invoke')
    at invoke (http://localhost:1420/node_modules/.vite/deps/chunk-NUDMK7YS.js?v=f9157341:117:37)
    at Module.listCategories (http://localhost:1420/src/lib/library-api.ts:6:10)
    at loadCachedCategories (http://localhost:1420/src/stores/library.ts:24:36)
    at http://localhost:1420/src/App.tsx:45:13
    at http://localhost:1420/src/App.tsx:47:7
    at Object.react_stack_bottom_frame (http://localhost:1420/node_modules/.vite/deps/react-dom_client.js?v=f9157341:20317:20)
    at runWithFiberInDEV (http://localhost:1420/node_modules/.vite/deps/react-dom_client.js?v=f9157341:1133:72)
    at commitHookEffectListMount (http://localhost:1420/node_modules/.vite/deps/react-dom_client.js?v=f9157341:9773:163)
    at commitHookPassiveMountEffects (http://localhost:1420/node_modules/.vite/deps/react-dom_client.js?v=f9157341:9827:60)
    at commitPassiveMountOnFiber (http://localhost:1420/node_modules/.vite/deps/react-dom_client.js?v=f9157341:12031:29) @ http://localhost:1420/src/stores/library.ts:28
[  947602ms] [WARNING] [library] loadCachedCategories failed: TypeError: Cannot read properties of undefined (reading 'invoke')
    at invoke (http://localhost:1420/node_modules/.vite/deps/chunk-NUDMK7YS.js?v=f9157341:117:37)
    at Module.listCategories (http://localhost:1420/src/lib/library-api.ts:6:10)
    at loadCachedCategories (http://localhost:1420/src/stores/library.ts:24:36)
    at http://localhost:1420/src/App.tsx:45:13
    at http://localhost:1420/src/App.tsx:47:7
    at Object.react_stack_bottom_frame (http://localhost:1420/node_modules/.vite/deps/react-dom_client.js?v=f9157341:20317:20)
    at runWithFiberInDEV (http://localhost:1420/node_modules/.vite/deps/react-dom_client.js?v=f9157341:1133:72)
    at commitHookEffectListMount (http://localhost:1420/node_modules/.vite/deps/react-dom_client.js?v=f9157341:9773:163)
    at commitHookPassiveMountEffects (http://localhost:1420/node_modules/.vite/deps/react-dom_client.js?v=f9157341:9827:60)
    at reconnectPassiveEffects (http://localhost:1420/node_modules/.vite/deps/react-dom_client.js?v=f9157341:12279:13) @ http://localhost:1420/src/stores/library.ts:28
[  947606ms] TypeError: Cannot read properties of undefined (reading 'transformCallback')
    at transformCallback (http://localhost:1420/node_modules/.vite/deps/chunk-NUDMK7YS.js?v=f9157341:22:37)
    at listen (http://localhost:1420/node_modules/.vite/deps/chunk-3NTDZYYR.js?v=f9157341:39:14)
    at http://localhost:1420/src/App.tsx:50:22
    at Object.react_stack_bottom_frame (http://localhost:1420/node_modules/.vite/deps/react-dom_client.js?v=f9157341:20317:20)
    at runWithFiberInDEV (http://localhost:1420/node_modules/.vite/deps/react-dom_client.js?v=f9157341:1133:72)
    at commitHookEffectListMount (http://localhost:1420/node_modules/.vite/deps/react-dom_client.js?v=f9157341:9773:163)
    at commitHookPassiveMountEffects (http://localhost:1420/node_modules/.vite/deps/react-dom_client.js?v=f9157341:9827:60)
    at reconnectPassiveEffects (http://localhost:1420/node_modules/.vite/deps/react-dom_client.js?v=f9157341:12279:13)
    at recursivelyTraverseReconnectPassiveEffects (http://localhost:1420/node_modules/.vite/deps/react-dom_client.js?v=f9157341:12246:11)
    at reconnectPassiveEffects (http://localhost:1420/node_modules/.vite/deps/react-dom_client.js?v=f9157341:12323:13)
[  947606ms] TypeError: Cannot read properties of undefined (reading 'transformCallback')
    at transformCallback (http://localhost:1420/node_modules/.vite/deps/chunk-NUDMK7YS.js?v=f9157341:22:37)
    at listen (http://localhost:1420/node_modules/.vite/deps/chunk-3NTDZYYR.js?v=f9157341:39:14)
    at http://localhost:1420/src/App.tsx:50:22
    at Object.react_stack_bottom_frame (http://localhost:1420/node_modules/.vite/deps/react-dom_client.js?v=f9157341:20317:20)
    at runWithFiberInDEV (http://localhost:1420/node_modules/.vite/deps/react-dom_client.js?v=f9157341:1133:72)
    at commitHookEffectListMount (http://localhost:1420/node_modules/.vite/deps/react-dom_client.js?v=f9157341:9773:163)
    at commitHookPassiveMountEffects (http://localhost:1420/node_modules/.vite/deps/react-dom_client.js?v=f9157341:9827:60)
    at commitPassiveMountOnFiber (http://localhost:1420/node_modules/.vite/deps/react-dom_client.js?v=f9157341:12031:29)
    at recursivelyTraversePassiveMountEffects (http://localhost:1420/node_modules/.vite/deps/react-dom_client.js?v=f9157341:11999:61)
    at commitPassiveMountOnFiber (http://localhost:1420/node_modules/.vite/deps/react-dom_client.js?v=f9157341:12207:13)
